<div class="progress has-tooltip">
            <div class="progress-bar" data-options="{'value': '50'}" id="progress-bar1" data-automation-id="progress-bar1-automation" aria-labelledby="pr-label1" data-value="50" role="progressbar" aria-valuenow="50" aria-valuemax="100" style="width: 50%;"></div>
          </div>