<div class="modal message is-active" aria-labelledby="message-title" aria-describedby="message-text" style="z-index: 1020;"><div class="modal-content"><div class="modal-header"><h1 class="modal-title has-status is-error" id="message-title"><svg class="icon" focusable="false" aria-hidden="true" role="presentation"><use href="#icon-error"></use></svg>Lost connection</h1></div><div class="modal-body-wrapper"><div class="modal-body"><div class="message" id="message-text">This application has experienced a <b>system error</b> due to the lack of internet access.<br><em>Please</em> restart the application in order to proceed.</div></div></div><div class="modal-buttonset"><button class="btn-modal btn-modal-primary no-ripple hide-focus" id="modal-button-1" style="width: 100%;"><span>Restart Now</span></button></div></div></div>