<button id="fontpicker" class="btn-tertiary fontpicker no-ripple hide-focus" aria-haspopup="true" aria-controls="popupmenu-2" style="width: 159px;"><span class="audible">Font style</span>
            <span>Normal text</span>
          <svg class="icon-dropdown icon" focusable="false" aria-hidden="true" role="presentation"><use href="#icon-dropdown"></use></svg></button>