<form class="form-compact">
            <div class="row">
              <div class="six columns">

                <div class="row">
                  <div class="twelve columns form-section-header">
                    Section One
                  </div>
                </div>
                <div class="row">
                  <div class="six columns">
                    <label for="field-01">Field 01</label>
                    <input id="field-01" value="Equipment Company">
                  </div>
                  <div class="six columns">
                    <label for="field-02">Field 02</label>
                    <input id="field-02">
                  </div>
                </div>

                <div class="row">
                  <div class="six columns">
                    <label for="field-03">Field 03</label>
                    <input id="field-03" value="Equipment Company">
                  </div>
                  <div class="six columns is-disabled">
                    <label for="field-04">Field 04</label>
                    <input id="field-04" value="Equipment Company" disabled="">
                  </div>
                </div>

                <div class="row">
                  <div class="six columns">
                    <label class="required" for="field-05">Field 05</label>
                    <input id="field-05" value="Equipment Company">
                  </div>
                  <div class="six columns is-readonly">
                    <label for="field-06">Field 06</label>
                    <input id="field-06" value="Equipment Company" readonly="">
                  </div>
                </div>

              </div>
              <div class="six columns">

                <div class="row">
                  <div class="twelve columns form-section-header">
                    Section Two
                  </div>
                </div>

                <div class="row">
                  <div class="six columns">
                    <fieldset class="radio-group">
                      <legend>Select delivery method</legend>
                      <input type="radio" class="radio hide-focus" name="options" id="option1" value="option1">
                      <label for="option1" class="radio-label">Women</label>
                      <br>
                      <input type="radio" class="radio hide-focus" name="options" id="option2" value="option1" checked="">
                      <label for="option2" class="radio-label">Men</label>
                      <br>
                      <input type="radio" class="radio hide-focus" name="options" id="option3" value="option3">
                      <label for="option3" class="radio-label">Home</label>
                      <br>
                      <input type="radio" class="radio hide-focus" name="options" id="option4" value="delivery" disabled="">
                      <label for="option4" class="radio-label">Shoes</label>
                      <br>
                      <input type="radio" class="radio hide-focus" name="options" id="option5" value="delivery">
                      <label for="option5" class="radio-label">Kids</label>
                      <br>
                      <input type="radio" class="radio hide-focus" name="options" id="option6" value="delivery">
                      <label for="option6" class="radio-label">Kitchen</label>
                    </fieldset>
                  </div>
                  <div class="six columns">
                    <fieldset class="checkbox-group">
                      <legend>Checkbox Group</legend>
                      <div class="field field-checkbox">
                        <input type="checkbox" class="checkbox hide-focus" id="checkbox1">
                        <label for="checkbox1" class="checkbox-label">NY Resident</label>
                      </div>
                      <div class="field field-checkbox">
                        <input type="checkbox" class="checkbox hide-focus" id="checkbox2" checked="">
                        <label for="checkbox2" class="checkbox-label">Kings County Resident</label>
                      </div>
                      <div class="field field-checkbox">
                        <input type="checkbox" class="checkbox hide-focus" id="checkbox3" checked="">
                        <label for="checkbox3" class="checkbox-label">Park Slope Resident</label>
                      </div>
                      <div class="field field-checkbox">
                        <input type="checkbox" class="checkbox hide-focus" id="checkbox4" checked="">
                        <label for="checkbox4" class="checkbox-label">Prospect Heights Resident</label>
                      </div>
                    </fieldset>
                  </div>
                </div>

              </div>
            </div>

            <div class="row">
              <div class="six columns">

                <div class="row">
                  <div class="twelve columns form-section-header">
                    Section Three
                  </div>
                </div>

                <div class="row">
                  <div class="three columns">
                    <label for="field-07">A Long Label Name</label>
                    <input id="field-07">
                  </div>
                  <div class="three columns">
                    <label for="field-08">Field 08</label>
                    <input id="field-08" value="Equipment Company">
                  </div>
                  <div class="three columns">
                    <label for="field-09">Field 09</label>
                    <input id="field-09" value="Equipment Company">
                  </div>
                  <div class="three columns">
                    <label for="field-10">0000-0000-00</label>
                    <input id="field-10" value="Text">
                  </div>
                </div>

                <div class="row">
                  <div class="six columns">
                    <label for="field-11">Field 11</label>
                    <input id="field-11" value="Text">
                  </div>
                  <div class="six columns">
                    <label for="field-12">Field 12</label>
                    <input id="field-12" value="Text">
                  </div>
                </div>

                <div class="row">
                  <div class="six columns">
                    <label for="field-13">Field 13</label>
                    <input id="field-13" value="Text">
                  </div>
                  <div class="six columns">
                    <label for="field-14">Field 14</label>
                    <input id="field-14" value="Text">
                  </div>
                </div>

                <div class="row">
                  <div class="six columns">
                    <label for="field-15">Field 15<span class="audible">. Use arrow keys to select.</span></label>
                    <input id="field-15" class="timepicker" autocomplete="off" role="combobox" aria-expanded="false" data-validate="time" data-validation-events="{&quot;time&quot;:&quot;blur change enter&quot;}"><button class="btn-icon trigger" type="button" tabindex="0" role="button" aria-haspopup="dialog">
        <span class="audible">Click to open time picker</span>
        <svg class="icon" focusable="false" aria-hidden="true" role="presentation"><use href="#icon-clock"></use></svg>
      </button>
                  </div>
                  <div class="six columns">
                    <label for="field-16">Field 16<span class="audible">. Press down arrow to select</span></label>
                    <input id="field-16" class="datepicker" autocomplete="off" role="combobox" aria-expanded="false" data-validate="date availableDate" data-validation-events="{&quot;date&quot;:&quot;change blur enter&quot;,&quot;availableDate&quot;:&quot;change blur&quot;}"><button class="btn-icon trigger no-ripple hide-focus" type="button" tabindex="0" role="button" aria-haspopup="dialog">
        <span class="audible">Date picker trigger</span>
        <svg class="icon" focusable="false" aria-hidden="true" role="presentation"><use href="#icon-calendar"></use></svg>
      </button>
                  </div>
                </div>

                <div class="row">
                  <div class="six columns">
                    <label for="field-17">Field 17<span class="audible">[Lookup]. [PressDown]</span></label>
                    <span class="lookup-wrapper"><input id="field-17" class="lookup" autocomplete="off"><button class="btn-icon trigger no-ripple hide-focus" type="button" tabindex="0">
        <span class="audible">[LookupTriggerButton]</span>
        <svg class="icon" focusable="false" aria-hidden="true" role="presentation"><use href="#icon-search-list"></use></svg>
      </button></span>
                  </div>
                  <div class="six columns">
                    <label for="field-18">Field 18</label>
                    <input id="field-18" type="file" class="fileuploader">
                  </div>
                </div>

              </div>
            </div>

            <div class="row hidden">
              <div class="twelve columns">
                <button type="submit">Submit</button>
              </div>
            </div>

          </form>