<div id="splitter-id-1" class="splitter" draggable="true" aria-dropeffect="move" tabindex="0" aria-grabbed="false" data-automation-id="splitter-automation-id-1" style="top: 0px;"><div class="splitter-drag-handle" id="splitter-id-1-handle" data-automation-id="splitter-automation-id-1-handle"><span class="audible">[SplitterDragHandle]</span></div></div>