<div class="card" id="idx-card-1">
            <div class="card-header">
                <h2 class="widget-title">Card Title</h2>
                <button class="btn-actions has-tooltip" type="button" id="btn-1" aria-haspopup="true" aria-controls="popupmenu-2"><svg class="icon" focusable="false" aria-hidden="true" role="presentation">
                    <use href="#icon-vertical-ellipsis"></use>
                  </svg>
                  <span class="audible">Actions</span>
                  
                </button>
                

            </div>
            <div class="card-content padding-x-16">

            </div>
          </div>