<figure class="hierarchy layout-is-horizontal" id="hierarchy"><legend><ul><li>
          <span class="key azure08"></span>
          <span>Full Time</span>
        </li><li>
          <span class="key turquoise02"></span>
          <span>Part Time</span>
        </li><li>
          <span class="key amethyst06"></span>
          <span>Contractor</span>
        </li><li>
          <span class="key slate06"></span>
          <span>Open Position</span>
        </li></ul></legend><ul class="container"><li class="chart"><div class="leaf azure08 root is-selected" id="1">

          
            <img src="/images/21.jpg" class="image" alt="Image of Jonathan Cargill">
          
          

          <div class="detail">
            <p class="heading">Jonathan Cargill</p>
            <p class="subheading">Director</p>
            <p class="micro">FT</p>
          </div>

          <button class="btn btn-icon btn-expand btn-hidden no-ripple hide-focus" type="button">
            <svg role="presentation" aria-hidden="true" focusable="false" class="icon">
              <use href="#icon-caret-up"></use>
            </svg>
            <span class="audible">Expand/Collapse</span>
          </button>
        </div><ul class="sub-level"><li class="branch-expanded"><div class="leaf azure08" id="1_3">

          
            <img src="/images/11.jpg" class="image" alt="Image of Kaylee Edwards">
          
          

          <div class="detail">
            <p class="heading">Kaylee Edwards</p>
            <p class="subheading">Records Manager</p>
            <p class="micro">FT</p>
          </div>

          <button class="btn btn-icon btn-expand no-ripple hide-focus" type="button">
            <svg role="presentation" aria-hidden="true" focusable="false" class="icon">
              <use href="#icon-caret-up"></use>
            </svg>
            <span class="audible">Expand/Collapse</span>
          </button>
        </div><ul><li><div class="leaf amethyst06" id="1_3_1">

          
            <img src="/images/6.jpg" class="image" alt="Image of Tony Cleveland">
          
          

          <div class="detail">
            <p class="heading">Tony Cleveland</p>
            <p class="subheading">Records Clerk</p>
            <p class="micro">C</p>
          </div>

          <button class="btn btn-icon btn-collapse btn-hidden no-ripple hide-focus" type="button">
            <svg role="presentation" aria-hidden="true" focusable="false" class="icon">
              <use href="#icon-caret-down"></use>
            </svg>
            <span class="audible">Expand/Collapse</span>
          </button>
        </div></li><li><div class="leaf turquoise02" id="1_3_2">

          
            <img src="/images/5.jpg" class="image" alt="Image of Julie Dawes">
          
          

          <div class="detail">
            <p class="heading">Julie Dawes</p>
            <p class="subheading">Records Clerk</p>
            <p class="micro">PT</p>
          </div>

          <button class="btn btn-icon btn-collapse btn-hidden no-ripple hide-focus" type="button">
            <svg role="presentation" aria-hidden="true" focusable="false" class="icon">
              <use href="#icon-caret-down"></use>
            </svg>
            <span class="audible">Expand/Collapse</span>
          </button>
        </div></li><li><div class="leaf azure08" id="1_3_3">

          
            <img src="/images/7.jpg" class="image" alt="Image of Richard Fairbanks">
          
          

          <div class="detail">
            <p class="heading">Richard Fairbanks</p>
            <p class="subheading">Records Clerk</p>
            <p class="micro">FT</p>
          </div>

          <button class="btn btn-icon btn-collapse btn-hidden no-ripple hide-focus" type="button">
            <svg role="presentation" aria-hidden="true" focusable="false" class="icon">
              <use href="#icon-caret-down"></use>
            </svg>
            <span class="audible">Expand/Collapse</span>
          </button>
        </div></li></ul></li><li class="branch-expanded"><div class="leaf azure08" id="1_4">

          
            <img src="/images/12.jpg" class="image" alt="Image of Jason Ayers">
          
          

          <div class="detail">
            <p class="heading">Jason Ayers</p>
            <p class="subheading">HR Manager</p>
            <p class="micro">FT</p>
          </div>

          <button class="btn btn-icon btn-expand no-ripple hide-focus" type="button">
            <svg role="presentation" aria-hidden="true" focusable="false" class="icon">
              <use href="#icon-caret-up"></use>
            </svg>
            <span class="audible">Expand/Collapse</span>
          </button>
        </div><ul><li><div class="leaf azure08" id="1_4_1">

          
            <img src="/images/8.jpg" class="image" alt="Image of William Moore">
          
          

          <div class="detail">
            <p class="heading">William Moore</p>
            <p class="subheading">Benefits Specialist</p>
            <p class="micro">FT</p>
          </div>

          <button class="btn btn-icon btn-collapse btn-hidden no-ripple hide-focus" type="button">
            <svg role="presentation" aria-hidden="true" focusable="false" class="icon">
              <use href="#icon-caret-down"></use>
            </svg>
            <span class="audible">Expand/Collapse</span>
          </button>
        </div></li><li><div class="leaf azure08" id="1_4_2">

          
            <img src="/images/6.jpg" class="image" alt="Image of Rachel Smith">
          
          

          <div class="detail">
            <p class="heading">Rachel Smith</p>
            <p class="subheading">Compliance Specialist</p>
            <p class="micro">FT</p>
          </div>

          <button class="btn btn-icon btn-collapse btn-hidden no-ripple hide-focus" type="button">
            <svg role="presentation" aria-hidden="true" focusable="false" class="icon">
              <use href="#icon-caret-down"></use>
            </svg>
            <span class="audible">Expand/Collapse</span>
          </button>
        </div></li><li><div class="leaf azure08" id="1_4_3">

          
            <img src="/images/7.jpg" class="image" alt="Image of Jessica Peterson">
          
          

          <div class="detail">
            <p class="heading">Jessica Peterson</p>
            <p class="subheading">Employment Specialist</p>
            <p class="micro">FT</p>
          </div>

          <button class="btn btn-icon btn-collapse btn-hidden no-ripple hide-focus" type="button">
            <svg role="presentation" aria-hidden="true" focusable="false" class="icon">
              <use href="#icon-caret-down"></use>
            </svg>
            <span class="audible">Expand/Collapse</span>
          </button>
        </div></li><li><div class="leaf azure08" id="1_4_4">

          
            <img src="/images/8.jpg" class="image" alt="Image of Sarah Lee">
          
          

          <div class="detail">
            <p class="heading">Sarah Lee</p>
            <p class="subheading">HR Specialist</p>
            <p class="micro">FT</p>
          </div>

          <button class="btn btn-icon btn-collapse btn-hidden no-ripple hide-focus" type="button">
            <svg role="presentation" aria-hidden="true" focusable="false" class="icon">
              <use href="#icon-caret-down"></use>
            </svg>
            <span class="audible">Expand/Collapse</span>
          </button>
        </div></li><li><div class="leaf azure08" id="1_4_5">

          
            <img src="/images/9.jpg" class="image" alt="Image of Jacob Williams">
          
          

          <div class="detail">
            <p class="heading">Jacob Williams</p>
            <p class="subheading">HR Specialist</p>
            <p class="micro">FT</p>
          </div>

          <button class="btn btn-icon btn-collapse btn-hidden no-ripple hide-focus" type="button">
            <svg role="presentation" aria-hidden="true" focusable="false" class="icon">
              <use href="#icon-caret-down"></use>
            </svg>
            <span class="audible">Expand/Collapse</span>
          </button>
        </div></li></ul></li><li class="branch-expanded"><div class="leaf azure08" id="1_5">

          
            <img src="/images/4.jpg" class="image" alt="Image of Daniel Calhoun">
          
          

          <div class="detail">
            <p class="heading">Daniel Calhoun</p>
            <p class="subheading">Manager</p>
            <p class="micro">FT</p>
          </div>

          <button class="btn btn-icon btn-expand no-ripple hide-focus" type="button">
            <svg role="presentation" aria-hidden="true" focusable="false" class="icon">
              <use href="#icon-caret-up"></use>
            </svg>
            <span class="audible">Expand/Collapse</span>
          </button>
        </div><ul><li><div class="leaf amethyst06" id="1_5_1">

          
            <img src="/images/3.jpg" class="image" alt="Image of Michael Bolton">
          
          

          <div class="detail">
            <p class="heading">Michael Bolton</p>
            <p class="subheading">Software Engineer</p>
            <p class="micro">C</p>
          </div>

          <button class="btn btn-icon btn-collapse btn-hidden no-ripple hide-focus" type="button">
            <svg role="presentation" aria-hidden="true" focusable="false" class="icon">
              <use href="#icon-caret-down"></use>
            </svg>
            <span class="audible">Expand/Collapse</span>
          </button>
        </div></li><li><div class="leaf azure08" id="1_5_2">

          
            <img src="/images/9.jpg" class="image" alt="Image of Emily Johnson">
          
          

          <div class="detail">
            <p class="heading">Emily Johnson</p>
            <p class="subheading">Senior Software Engineer</p>
            <p class="micro">FT</p>
          </div>

          <button class="btn btn-icon btn-collapse btn-hidden no-ripple hide-focus" type="button">
            <svg role="presentation" aria-hidden="true" focusable="false" class="icon">
              <use href="#icon-caret-down"></use>
            </svg>
            <span class="audible">Expand/Collapse</span>
          </button>
        </div></li><li><div class="leaf azure08" id="1_5_3">

          
            <img src="/images/10.jpg" class="image" alt="Image of Kari Anderson">
          
          

          <div class="detail">
            <p class="heading">Kari Anderson</p>
            <p class="subheading">Principle Software Engineer</p>
            <p class="micro">FT</p>
          </div>

          <button class="btn btn-icon btn-collapse btn-hidden no-ripple hide-focus" type="button">
            <svg role="presentation" aria-hidden="true" focusable="false" class="icon">
              <use href="#icon-caret-down"></use>
            </svg>
            <span class="audible">Expand/Collapse</span>
          </button>
        </div></li><li><div class="leaf turquoise02" id="1_5_4">

          
            <img src="/images/11.jpg" class="image" alt="Image of Michelle Bell">
          
          

          <div class="detail">
            <p class="heading">Michelle Bell</p>
            <p class="subheading">Software Engineer</p>
            <p class="micro">PT</p>
          </div>

          <button class="btn btn-icon btn-collapse btn-hidden no-ripple hide-focus" type="button">
            <svg role="presentation" aria-hidden="true" focusable="false" class="icon">
              <use href="#icon-caret-down"></use>
            </svg>
            <span class="audible">Expand/Collapse</span>
          </button>
        </div></li><li><div class="leaf azure08" id="1_5_5">

          
            <img src="/images/10.jpg" class="image" alt="Image of Dave Davidson">
          
          

          <div class="detail">
            <p class="heading">Dave Davidson</p>
            <p class="subheading">Software Engineer</p>
            <p class="micro">FT</p>
          </div>

          <button class="btn btn-icon btn-collapse btn-hidden no-ripple hide-focus" type="button">
            <svg role="presentation" aria-hidden="true" focusable="false" class="icon">
              <use href="#icon-caret-down"></use>
            </svg>
            <span class="audible">Expand/Collapse</span>
          </button>
        </div></li></ul></li><li class="branch-expanded"><div class="leaf azure08" id="1_6">

          
            <img src="/images/2.jpg" class="image" alt="Image of Amber Carter">
          
          

          <div class="detail">
            <p class="heading">Amber Carter</p>
            <p class="subheading">Library Manager</p>
            <p class="micro">FT</p>
          </div>

          <button class="btn btn-icon btn-expand no-ripple hide-focus" type="button">
            <svg role="presentation" aria-hidden="true" focusable="false" class="icon">
              <use href="#icon-caret-up"></use>
            </svg>
            <span class="audible">Expand/Collapse</span>
          </button>
        </div><ul><li><div class="leaf amethyst06" id="1_6_1">

          
            <img src="/images/11.jpg" class="image" alt="Image of Hank Cruise">
          
          

          <div class="detail">
            <p class="heading">Hank Cruise</p>
            <p class="subheading">Law Librarian</p>
            <p class="micro">C</p>
          </div>

          <button class="btn btn-icon btn-collapse btn-hidden no-ripple hide-focus" type="button">
            <svg role="presentation" aria-hidden="true" focusable="false" class="icon">
              <use href="#icon-caret-down"></use>
            </svg>
            <span class="audible">Expand/Collapse</span>
          </button>
        </div></li><li><div class="leaf azure08" id="1_6_2">

          
            <img src="/images/12.jpg" class="image" alt="Image of Peter Craig">
          
          

          <div class="detail">
            <p class="heading">Peter Craig</p>
            <p class="subheading">Law Librarian</p>
            <p class="micro">FT</p>
          </div>

          <button class="btn btn-icon btn-collapse btn-hidden no-ripple hide-focus" type="button">
            <svg role="presentation" aria-hidden="true" focusable="false" class="icon">
              <use href="#icon-caret-down"></use>
            </svg>
            <span class="audible">Expand/Collapse</span>
          </button>
        </div></li></ul></li><li class="branch-expanded"><div class="leaf azure08" id="1_7">

          
            <img src="/images/3.jpg" class="image" alt="Image of Mary Butler">
          
          

          <div class="detail">
            <p class="heading">Mary Butler</p>
            <p class="subheading">Workers’ Compensation Manager</p>
            <p class="micro">FT</p>
          </div>

          <button class="btn btn-icon btn-expand no-ripple hide-focus" type="button">
            <svg role="presentation" aria-hidden="true" focusable="false" class="icon">
              <use href="#icon-caret-up"></use>
            </svg>
            <span class="audible">Expand/Collapse</span>
          </button>
        </div><ul><li><div class="leaf azure08" id="1_7_1">

          
            <img src="/images/12.jpg" class="image" alt="Image of Katie Olland">
          
          

          <div class="detail">
            <p class="heading">Katie Olland</p>
            <p class="subheading">Workers’ Compensation Specialist</p>
            <p class="micro">FT</p>
          </div>

          <button class="btn btn-icon btn-collapse btn-hidden no-ripple hide-focus" type="button">
            <svg role="presentation" aria-hidden="true" focusable="false" class="icon">
              <use href="#icon-caret-down"></use>
            </svg>
            <span class="audible">Expand/Collapse</span>
          </button>
        </div></li><li><div class="leaf azure08" id="1_7_2">

          
            <img src="/images/13.jpg" class="image" alt="Image of Tanya Wright">
          
          

          <div class="detail">
            <p class="heading">Tanya Wright</p>
            <p class="subheading">Workers’ Compensation Specialist</p>
            <p class="micro">FT</p>
          </div>

          <button class="btn btn-icon btn-collapse btn-hidden no-ripple hide-focus" type="button">
            <svg role="presentation" aria-hidden="true" focusable="false" class="icon">
              <use href="#icon-caret-down"></use>
            </svg>
            <span class="audible">Expand/Collapse</span>
          </button>
        </div></li><li><div class="leaf slate06" id="1_7_3">

          
          

              
              
                <span class="image-placeholder"></span>
              

          

          <div class="detail">
            <p class="heading">OPEN</p>
            <p class="subheading">Workers’ Compensation Specialist</p>
            <p class="micro">O</p>
          </div>

          <button class="btn btn-icon btn-collapse btn-hidden no-ripple hide-focus" type="button">
            <svg role="presentation" aria-hidden="true" focusable="false" class="icon">
              <use href="#icon-caret-down"></use>
            </svg>
            <span class="audible">Expand/Collapse</span>
          </button>
        </div></li><li><div class="leaf azure08" id="1_7_4">

          
          

              
              <div class="image-initials">JJ</div>
              
              

          

          <div class="detail">
            <p class="heading">John Johnson</p>
            <p class="subheading">Workers’ Compensation Specialist</p>
            <p class="micro">FT</p>
          </div>

          <button class="btn btn-icon btn-collapse btn-hidden no-ripple hide-focus" type="button">
            <svg role="presentation" aria-hidden="true" focusable="false" class="icon">
              <use href="#icon-caret-down"></use>
            </svg>
            <span class="audible">Expand/Collapse</span>
          </button>
        </div></li></ul></li><li class=""><div class="leaf azure08" id="1_1">

          
            <img src="/images/4.jpg" class="image" alt="Image of Partricia Clark">
          
          

          <div class="detail">
            <p class="heading">Partricia Clark</p>
            <p class="subheading">Administration</p>
            <p class="micro">FT</p>
          </div>

          <button class="btn btn-icon btn-collapse btn-hidden no-ripple hide-focus" type="button">
            <svg role="presentation" aria-hidden="true" focusable="false" class="icon">
              <use href="#icon-caret-down"></use>
            </svg>
            <span class="audible">Expand/Collapse</span>
          </button>
        </div></li><li class=""><div class="leaf azure08" id="1_2">

          
            <img src="/images/5.jpg" class="image" alt="Image of Drew Buchanan">
          
          

          <div class="detail">
            <p class="heading">Drew Buchanan</p>
            <p class="subheading">Assistant Director</p>
            <p class="micro">FT</p>
          </div>

          <button class="btn btn-icon btn-collapse btn-hidden no-ripple hide-focus" type="button">
            <svg role="presentation" aria-hidden="true" focusable="false" class="icon">
              <use href="#icon-caret-down"></use>
            </svg>
            <span class="audible">Expand/Collapse</span>
          </button>
        </div></li></ul></li></ul></figure>