<div id="error-loading" class="empty-message" data-automation-id="automation-id-error-loading">
          <div class="empty-icon">
          <svg class="icon-empty-state is-slate" focusable="false" aria-hidden="true" role="presentation">
            <use href="#icon-empty-error-loading-new"></use>
          </svg></div><div class="empty-title">Error Loading Data (icon-empty-error-loading-new)</div></div>